// Jest Snapshot v1, https://goo.gl/fbAQLP

exports[`StarRating Calculation 1`] = `8.18`;
