// Jest Snapshot v1, https://goo.gl/fbAQLP

exports[`Netlify function: Fetch beatmap mods/discussions 1`] = `"[{\\"id\\":3104523,\\"beatmapset_id\\":1,\\"beatmap_id\\":null,\\"user_id\\":14272323,\\"deleted_by_id\\":null,\\"message_type\\":\\"praise\\",\\"parent_id\\":null,\\"timestamp\\":null,\\"resolved\\":false,\\"can_be_resolved\\":false,\\"can_grant_kudosu\\":false,\\"created_at\\":\\"2022-05-24T22:41:46+00:00\\",\\"updated_at\\":\\"2022-05-24T22:41:46+00:00\\",\\"deleted_at\\":null,\\"last_post_at\\":\\"2022-05-24T22:41:46+00:00\\",\\"kudosu_denied\\":false,\\"beatmapset\\":{\\"artist\\":\\"Kenji Ninuma\\",\\"artist_unicode\\":\\"Kenji Ninuma\\",\\"covers\\":{\\"cover\\":\\"https://assets.ppy.sh/beatmaps/1/covers/cover.jpg?1622017884\\",\\"cover@2x\\":\\"https://assets.ppy.sh/beatmaps/1/covers/cover@2x.jpg?1622017884\\",\\"card\\":\\"https://assets.ppy.sh/beatmaps/1/covers/card.jpg?1622017884\\",\\"card@2x\\":\\"https://assets.ppy.sh/beatmaps/1/covers/card@2x.jpg?1622017884\\",\\"list\\":\\"https://assets.ppy.sh/beatmaps/1/covers/list.jpg?1622017884\\",\\"list@2x\\":\\"https://assets.ppy.sh/beatmaps/1/covers/list@2x.jpg?1622017884\\",\\"slimcover\\":\\"https://assets.ppy.sh/beatmaps/1/covers/slimcover.jpg?1622017884\\",\\"slimcover@2x\\":\\"https://assets.ppy.sh/beatmaps/1/covers/slimcover@2x.jpg?1622017884\\"},\\"creator\\":\\"peppy\\",\\"favourite_count\\":1174,\\"hype\\":null,\\"id\\":1,\\"nsfw\\":false,\\"offset\\":0,\\"play_count\\":598343,\\"preview_url\\":\\"//b.ppy.sh/preview/1.mp3\\",\\"source\\":\\"\\",\\"spotlight\\":false,\\"status\\":\\"ranked\\",\\"title\\":\\"DISCO PRINCE\\",\\"title_unicode\\":\\"DISCO PRINCE\\",\\"track_id\\":null,\\"user_id\\":2,\\"video\\":false},\\"current_user_attributes\\":{\\"vote_score\\":0,\\"can_moderate_kudosu\\":false,\\"can_resolve\\":false,\\"can_reopen\\":true,\\"can_destroy\\":false},\\"starting_post\\":{\\"beatmapset_discussion_id\\":3104523,\\"created_at\\":\\"2022-05-24T22:41:46+00:00\\",\\"deleted_at\\":null,\\"deleted_by_id\\":null,\\"id\\":8395882,\\"last_editor_id\\":null,\\"message\\":\\"why are you still here in 2022\\",\\"system\\":false,\\"updated_at\\":\\"2022-05-24T22:41:46+00:00\\",\\"user_id\\":14272323},\\"posts\\":[],\\"engaged_users\\":[]},{\\"id\\":3050451,\\"beatmapset_id\\":1,\\"beatmap_id\\":null,\\"user_id\\":5139042,\\"deleted_by_id\\":null,\\"message_type\\":\\"praise\\",\\"parent_id\\":null,\\"timestamp\\":null,\\"resolved\\":false,\\"can_be_resolved\\":false,\\"can_grant_kudosu\\":false,\\"created_at\\":\\"2022-04-26T16:59:04+00:00\\",\\"updated_at\\":\\"2022-05-15T19:30:57+00:00\\",\\"deleted_at\\":null,\\"last_post_at\\":\\"2022-05-15T19:30:57+00:00\\",\\"kudosu_denied\\":false,\\"beatmapset\\":{\\"artist\\":\\"Kenji Ninuma\\",\\"artist_unicode\\":\\"Kenji Ninuma\\",\\"covers\\":{\\"cover\\":\\"https://assets.ppy.sh/beatmaps/1/covers/cover.jpg?1622017884\\",\\"cover@2x\\":\\"https://assets.ppy.sh/beatmaps/1/covers/cover@2x.jpg?1622017884\\",\\"card\\":\\"https://assets.ppy.sh/beatmaps/1/covers/card.jpg?1622017884\\",\\"card@2x\\":\\"https://assets.ppy.sh/beatmaps/1/covers/card@2x.jpg?1622017884\\",\\"list\\":\\"https://assets.ppy.sh/beatmaps/1/covers/list.jpg?1622017884\\",\\"list@2x\\":\\"https://assets.ppy.sh/beatmaps/1/covers/list@2x.jpg?1622017884\\",\\"slimcover\\":\\"https://assets.ppy.sh/beatmaps/1/covers/slimcover.jpg?1622017884\\",\\"slimcover@2x\\":\\"https://assets.ppy.sh/beatmaps/1/covers/slimcover@2x.jpg?1622017884\\"},\\"creator\\":\\"peppy\\",\\"favourite_count\\":1174,\\"hype\\":null,\\"id\\":1,\\"nsfw\\":false,\\"offset\\":0,\\"play_count\\":598343,\\"preview_url\\":\\"//b.ppy.sh/preview/1.mp3\\",\\"source\\":\\"\\",\\"spotlight\\":false,\\"status\\":\\"ranked\\",\\"title\\":\\"DISCO PRINCE\\",\\"title_unicode\\":\\"DISCO PRINCE\\",\\"track_id\\":null,\\"user_id\\":2,\\"video\\":false},\\"current_user_attributes\\":{\\"vote_score\\":0,\\"can_moderate_kudosu\\":false,\\"can_resolve\\":false,\\"can_reopen\\":true,\\"can_destroy\\":false},\\"starting_post\\":{\\"beatmapset_discussion_id\\":3050451,\\"created_at\\":\\"2022-04-26T16:59:04+00:00\\",\\"deleted_at\\":null,\\"deleted_by_id\\":null,\\"id\\":8254010,\\"last_editor_id\\":null,\\"message\\":\\"I wish peppy would remap this in 2022\\",\\"system\\":false,\\"updated_at\\":\\"2022-04-26T16:59:04+00:00\\",\\"user_id\\":5139042},\\"posts\\":[{\\"beatmapset_discussion_id\\":3050451,\\"created_at\\":\\"2022-05-15T19:30:57+00:00\\",\\"deleted_at\\":null,\\"deleted_by_id\\":null,\\"id\\":8347137,\\"last_editor_id\\":null,\\"message\\":\\"fr\\",\\"system\\":false,\\"updated_at\\":\\"2022-05-15T19:30:57+00:00\\",\\"user_id\\":28189326}],\\"engaged_users\\":[{\\"avatar_url\\":\\"https://a.ppy.sh/28189326?1653838161.jpeg\\",\\"country_code\\":\\"CA\\",\\"default_group\\":\\"default\\",\\"id\\":28189326,\\"is_active\\":true,\\"is_bot\\":false,\\"is_deleted\\":false,\\"is_online\\":false,\\"is_supporter\\":false,\\"last_visit\\":\\"2022-06-25T01:05:18+00:00\\",\\"pm_friends_only\\":false,\\"profile_colour\\":null,\\"username\\":\\"Vans_z\\"}]},{\\"id\\":3033251,\\"beatmapset_id\\":1,\\"beatmap_id\\":null,\\"user_id\\":3,\\"deleted_by_id\\":null,\\"message_type\\":\\"mapper_note\\",\\"parent_id\\":null,\\"timestamp\\":null,\\"resolved\\":false,\\"can_be_resolved\\":false,\\"can_grant_kudosu\\":false,\\"created_at\\":\\"2022-04-26T06:49:59+00:00\\",\\"updated_at\\":\\"2022-04-26T06:49:59+00:00\\",\\"deleted_at\\":null,\\"last_post_at\\":\\"2022-04-26T06:49:59+00:00\\",\\"kudosu_denied\\":false,\\"beatmapset\\":{\\"artist\\":\\"Kenji Ninuma\\",\\"artist_unicode\\":\\"Kenji Ninuma\\",\\"covers\\":{\\"cover\\":\\"https://assets.ppy.sh/beatmaps/1/covers/cover.jpg?1622017884\\",\\"cover@2x\\":\\"https://assets.ppy.sh/beatmaps/1/covers/cover@2x.jpg?1622017884\\",\\"card\\":\\"https://assets.ppy.sh/beatmaps/1/covers/card.jpg?1622017884\\",\\"card@2x\\":\\"https://assets.ppy.sh/beatmaps/1/covers/card@2x.jpg?1622017884\\",\\"list\\":\\"https://assets.ppy.sh/beatmaps/1/covers/list.jpg?1622017884\\",\\"list@2x\\":\\"https://assets.ppy.sh/beatmaps/1/covers/list@2x.jpg?1622017884\\",\\"slimcover\\":\\"https://assets.ppy.sh/beatmaps/1/covers/slimcover.jpg?1622017884\\",\\"slimcover@2x\\":\\"https://assets.ppy.sh/beatmaps/1/covers/slimcover@2x.jpg?1622017884\\"},\\"creator\\":\\"peppy\\",\\"favourite_count\\":1174,\\"hype\\":null,\\"id\\":1,\\"nsfw\\":false,\\"offset\\":0,\\"play_count\\":598343,\\"preview_url\\":\\"//b.ppy.sh/preview/1.mp3\\",\\"source\\":\\"\\",\\"spotlight\\":false,\\"status\\":\\"ranked\\",\\"title\\":\\"DISCO PRINCE\\",\\"title_unicode\\":\\"DISCO PRINCE\\",\\"track_id\\":null,\\"user_id\\":2,\\"video\\":false},\\"current_user_attributes\\":{\\"vote_score\\":0,\\"can_moderate_kudosu\\":false,\\"can_resolve\\":false,\\"can_reopen\\":true,\\"can_destroy\\":false},\\"starting_post\\":{\\"beatmapset_discussion_id\\":3033251,\\"created_at\\":\\"2022-04-26T06:49:59+00:00\\",\\"deleted_at\\":null,\\"deleted_by_id\\":null,\\"id\\":8235627,\\"last_editor_id\\":null,\\"message\\":\\"This beatmap was uploaded before the \\\\\\"Beatmap Discussions\\\\\\" system was available. You can find the associated discussion at the following forum thread: https://osu.ppy.sh/community/forums/topics/213\\",\\"system\\":false,\\"updated_at\\":\\"2022-04-26T06:49:59+00:00\\",\\"user_id\\":3},\\"posts\\":[],\\"engaged_users\\":[]}]"`;

exports[`Netlify function: Fetch beatmap mods/discussions 2`] = `"[{\\"id\\":2996974,\\"beatmapset_id\\":1725839,\\"beatmap_id\\":3527057,\\"user_id\\":16371592,\\"deleted_by_id\\":null,\\"message_type\\":\\"problem\\",\\"parent_id\\":null,\\"timestamp\\":null,\\"resolved\\":false,\\"can_be_resolved\\":true,\\"can_grant_kudosu\\":false,\\"created_at\\":\\"2022-04-08T05:48:03+00:00\\",\\"updated_at\\":\\"2022-04-08T05:48:03+00:00\\",\\"deleted_at\\":null,\\"last_post_at\\":\\"2022-04-08T05:48:03+00:00\\",\\"kudosu_denied\\":false,\\"beatmapset\\":{\\"artist\\":\\"Alfakyun. & majiko\\",\\"artist_unicode\\":\\"＋α／あるふぁきゅん。＆ まじ娘\\",\\"covers\\":{\\"cover\\":\\"https://assets.ppy.sh/beatmaps/1725839/covers/cover.jpg?1650763818\\",\\"cover@2x\\":\\"https://assets.ppy.sh/beatmaps/1725839/covers/cover@2x.jpg?1650763818\\",\\"card\\":\\"https://assets.ppy.sh/beatmaps/1725839/covers/card.jpg?1650763818\\",\\"card@2x\\":\\"https://assets.ppy.sh/beatmaps/1725839/covers/card@2x.jpg?1650763818\\",\\"list\\":\\"https://assets.ppy.sh/beatmaps/1725839/covers/list.jpg?1650763818\\",\\"list@2x\\":\\"https://assets.ppy.sh/beatmaps/1725839/covers/list@2x.jpg?1650763818\\",\\"slimcover\\":\\"https://assets.ppy.sh/beatmaps/1725839/covers/slimcover.jpg?1650763818\\",\\"slimcover@2x\\":\\"https://assets.ppy.sh/beatmaps/1725839/covers/slimcover@2x.jpg?1650763818\\"},\\"creator\\":\\"SixtyFour\\",\\"favourite_count\\":0,\\"hype\\":null,\\"id\\":1725839,\\"nsfw\\":false,\\"offset\\":0,\\"play_count\\":21,\\"preview_url\\":\\"//b.ppy.sh/preview/1725839.mp3\\",\\"source\\":\\"\\",\\"spotlight\\":false,\\"status\\":\\"graveyard\\",\\"title\\":\\"Kono piano de omae wo 8759632145-kai bun'naguru\\",\\"title_unicode\\":\\"このピアノでお前を8759632145回ぶん殴る\\",\\"track_id\\":null,\\"user_id\\":16371592,\\"video\\":false},\\"current_user_attributes\\":{\\"vote_score\\":0,\\"can_moderate_kudosu\\":false,\\"can_resolve\\":true,\\"can_reopen\\":true,\\"can_destroy\\":true},\\"starting_post\\":{\\"beatmapset_discussion_id\\":2996974,\\"created_at\\":\\"2022-04-08T05:48:03+00:00\\",\\"deleted_at\\":null,\\"deleted_by_id\\":null,\\"id\\":8139544,\\"last_editor_id\\":null,\\"message\\":\\"another problem\\",\\"system\\":false,\\"updated_at\\":\\"2022-04-08T05:48:03+00:00\\",\\"user_id\\":16371592},\\"posts\\":[],\\"engaged_users\\":[]},{\\"id\\":2995152,\\"beatmapset_id\\":1725839,\\"beatmap_id\\":3527057,\\"user_id\\":16371592,\\"deleted_by_id\\":null,\\"message_type\\":\\"problem\\",\\"parent_id\\":null,\\"timestamp\\":null,\\"resolved\\":false,\\"can_be_resolved\\":true,\\"can_grant_kudosu\\":false,\\"created_at\\":\\"2022-04-07T01:30:37+00:00\\",\\"updated_at\\":\\"2022-04-08T07:45:43+00:00\\",\\"deleted_at\\":null,\\"last_post_at\\":\\"2022-04-08T07:45:43+00:00\\",\\"kudosu_denied\\":false,\\"beatmapset\\":{\\"artist\\":\\"Alfakyun. & majiko\\",\\"artist_unicode\\":\\"＋α／あるふぁきゅん。＆ まじ娘\\",\\"covers\\":{\\"cover\\":\\"https://assets.ppy.sh/beatmaps/1725839/covers/cover.jpg?1650763818\\",\\"cover@2x\\":\\"https://assets.ppy.sh/beatmaps/1725839/covers/cover@2x.jpg?1650763818\\",\\"card\\":\\"https://assets.ppy.sh/beatmaps/1725839/covers/card.jpg?1650763818\\",\\"card@2x\\":\\"https://assets.ppy.sh/beatmaps/1725839/covers/card@2x.jpg?1650763818\\",\\"list\\":\\"https://assets.ppy.sh/beatmaps/1725839/covers/list.jpg?1650763818\\",\\"list@2x\\":\\"https://assets.ppy.sh/beatmaps/1725839/covers/list@2x.jpg?1650763818\\",\\"slimcover\\":\\"https://assets.ppy.sh/beatmaps/1725839/covers/slimcover.jpg?1650763818\\",\\"slimcover@2x\\":\\"https://assets.ppy.sh/beatmaps/1725839/covers/slimcover@2x.jpg?1650763818\\"},\\"creator\\":\\"SixtyFour\\",\\"favourite_count\\":0,\\"hype\\":null,\\"id\\":1725839,\\"nsfw\\":false,\\"offset\\":0,\\"play_count\\":21,\\"preview_url\\":\\"//b.ppy.sh/preview/1725839.mp3\\",\\"source\\":\\"\\",\\"spotlight\\":false,\\"status\\":\\"graveyard\\",\\"title\\":\\"Kono piano de omae wo 8759632145-kai bun'naguru\\",\\"title_unicode\\":\\"このピアノでお前を8759632145回ぶん殴る\\",\\"track_id\\":null,\\"user_id\\":16371592,\\"video\\":false},\\"current_user_attributes\\":{\\"vote_score\\":0,\\"can_moderate_kudosu\\":false,\\"can_resolve\\":true,\\"can_reopen\\":true,\\"can_destroy\\":false},\\"starting_post\\":{\\"beatmapset_discussion_id\\":2995152,\\"created_at\\":\\"2022-04-07T01:30:37+00:00\\",\\"deleted_at\\":null,\\"deleted_by_id\\":null,\\"id\\":8134793,\\"last_editor_id\\":null,\\"message\\":\\"aaaaaaaaaaaaaaa\\",\\"system\\":false,\\"updated_at\\":\\"2022-04-07T01:30:37+00:00\\",\\"user_id\\":16371592},\\"posts\\":[{\\"beatmapset_discussion_id\\":2995152,\\"created_at\\":\\"2022-04-08T07:45:43+00:00\\",\\"deleted_at\\":null,\\"deleted_by_id\\":null,\\"id\\":8139777,\\"last_editor_id\\":null,\\"message\\":\\"abububu\\",\\"system\\":false,\\"updated_at\\":\\"2022-04-08T07:45:43+00:00\\",\\"user_id\\":16371592},{\\"beatmapset_discussion_id\\":2995152,\\"created_at\\":\\"2022-04-08T00:35:01+00:00\\",\\"deleted_at\\":null,\\"deleted_by_id\\":null,\\"id\\":8138790,\\"last_editor_id\\":null,\\"message\\":\\"lhe falta argumentos\\",\\"system\\":false,\\"updated_at\\":\\"2022-04-08T00:35:01+00:00\\",\\"user_id\\":16371592}],\\"engaged_users\\":[{\\"avatar_url\\":\\"https://a.ppy.sh/16371592?1648681432.png\\",\\"country_code\\":\\"BR\\",\\"default_group\\":\\"default\\",\\"id\\":16371592,\\"is_active\\":true,\\"is_bot\\":false,\\"is_deleted\\":false,\\"is_online\\":true,\\"is_supporter\\":true,\\"last_visit\\":\\"2022-06-25T11:28:58+00:00\\",\\"pm_friends_only\\":false,\\"profile_colour\\":null,\\"username\\":\\"SixtyFour\\"}]}]"`;
